
> frontend@0.0.0 build
> tsc -b && vite build

[36mvite v7.3.1 [32mbuilding client environment for production...[36m[39m
transforming...
[32mΓ£ô[39m 1769 modules transformed.
rendering chunks...
computing gzip size...
[2mdist/[22m[32mindex.html                 [39m[1m[2m  0.46 kB[22m[1m[22m[2m Γöé gzip:  0.29 kB[22m
[2mdist/[22m[35massets/index-B4V4yl92.css  [39m[1m[2m 11.59 kB[22m[1m[22m[2m Γöé gzip:  3.13 kB[22m
[2mdist/[22m[36massets/index-Bs-p515I.js   [39m[1m[2m265.65 kB[22m[1m[22m[2m Γöé gzip: 86.83 kB[22m
[32mΓ£ô built in 3.96s[39m
